2026-05-27T03:24:44Z INF Thank you for trying Cloudflare Tunnel. Doing so, without a Cloudflare account, is a quick way to experiment and try it out. However, be aware that these account-less Tunnels have no uptime guarantee, are subject to the Cloudflare Online Services Terms of Use (https://www.cloudflare.com/website-terms/), and Cloudflare reserves the right to investigate your use of Tunnels for violations of such terms. If you intend to use Tunnels in production you should use a pre-created named tunnel by following: https://developers.cloudflare.com/cloudflare-one/connections/connect-apps
2026-05-27T03:24:44Z INF Requesting new quick Tunnel on trycloudflare.com...
2026-05-27T03:24:48Z INF +--------------------------------------------------------------------------------------------+
2026-05-27T03:24:48Z INF |  Your quick Tunnel has been created! Visit it at (it may take some time to be reachable):  |
2026-05-27T03:24:48Z INF |  https://renaissance-proof-amount-seq.trycloudflare.com                                    |
2026-05-27T03:24:48Z INF +--------------------------------------------------------------------------------------------+
2026-05-27T03:24:48Z INF Cannot determine default configuration path. No file [config.yml config.yaml] in [~/.cloudflared ~/.cloudflare-warp ~/cloudflare-warp]
2026-05-27T03:24:48Z INF Version 2026.5.0 (Checksum f141cded099c239171ad2cea6fb5da0fdaa2bd36104c3074d883f9546519eba7)
2026-05-27T03:24:48Z INF GOOS: windows, GOVersion: go1.26.2, GoArch: amd64
2026-05-27T03:24:48Z INF Settings: map[ha-connections:1 protocol:quic url:http://localhost:8070]
2026-05-27T03:24:48Z INF cloudflared will not automatically update on Windows systems.
2026-05-27T03:24:48Z INF Generated Connector ID: f99b90fd-b26a-44f5-b4a5-b3ea501fc705
2026-05-27T03:24:48Z INF Initial protocol quic
2026-05-27T03:24:48Z INF ICMP proxy will use 192.168.1.98 as source for IPv4
2026-05-27T03:24:48Z INF ICMP proxy will use 2001:8004:51d0:36b6:b124:871b:134c:b413 in zone WiFi as source for IPv6
2026-05-27T03:24:48Z INF cloudflared does not support loading the system root certificate pool on Windows. Please use --origin-ca-pool <PATH> to specify the path to the certificate pool
2026-05-27T03:24:48Z INF ICMP proxy will use 192.168.1.98 as source for IPv4
2026-05-27T03:24:48Z INF Tunnel connection curve preferences: [X25519MLKEM768 CurveID(65074) CurveP256] connIndex=0 event=0 ip=2606:4700:a0::10
2026-05-27T03:24:48Z INF ICMP proxy will use 2001:8004:51d0:36b6:b124:871b:134c:b413 in zone WiFi as source for IPv6
2026-05-27T03:24:48Z INF Starting metrics server on 127.0.0.1:20241/metrics
2026-05-27T03:24:49Z INF Registered tunnel connection connIndex=0 connection=e0cdfa4f-d51a-44b4-a028-de1f96eab23a event=0 ip=2606:4700:a0::10 location=mel02 protocol=quic
